---
source: crates/codegen/xai-grok-pager/src/app/status_blocks.rs
expression: text
---
Session usage (all models; since start/resume):
  Input tokens:   100 (0 cached)
  Output tokens:  10 (0 reasoning)
  Total tokens:   110
  Model calls:    1 · API time: 1.0s
  Reported cost:  not available (not reported)
  Model API costs, not subscription balances.
  Model attribution: unavailable (not reported).
